// Jest Snapshot v1, https://goo.gl/fbAQLP

exports[`Controls component should render without crashing 1`] = `
<DocumentFragment>
  <div
    class="controls panel"
  >
    <button
      class="toggle-btn"
      data-testid="lockButton"
      disabled=""
    >
      Lock Gate
    </button>
    <button
      class="toggle-btn"
      data-testid="closeButton"
    >
      Close Gate
    </button>
  </div>
</DocumentFragment>
`;
